python : Traceback (most recent call last):
At line:1 char:1
+ python -m src.main local T2_var_003.json > test_output.log 2>&1; Get- ...
+ ~~~~~~~~~~~~~~~~~~~~~~~~~~~~~~~~~~~~~~~~~~~~~~~~~~~~~~~~~~~~~~~
    + CategoryInfo          : NotSpecified: (Traceback (most recent call last)::String) [], RemoteException
    + FullyQualifiedErrorId : NativeCommandError
 
  File "<frozen runpy>", line 198, in _run_module_as_main
  File "<frozen runpy>", line 88, in _run_code
  File "D:\Hira\Freelance\ARman\GA_Partitioner\src\main.py", line 289, in <module>
    main_file(client)  # Run the main file    
    ^^^^^^^^^^^^^^^^^
  File "D:\Hira\Freelance\ARman\GA_Partitioner\src\main.py", line 233, in main_file
    ga.global_ga_constrained(AM, client,G, constrained_task_copy,selected_individual, subGraphInfo,list_schedule_makespan,adjacency_matrix, 
    ^^^^^^^^^^^^^^^^^^^^^^^^^^^^^^^^^^^^^^^^^^^^^^^^^^^^^^^^^^^^^^^^^^^^^^^^^^^^^^^^^^^^^^^^^^^^^^^^^^^^^^^^^^^^^^^^^^^^^^^^^^^^^^^^^^^^^^^
  File "D:\Hira\Freelance\ARman\GA_Partitioner\src\global_GA.py", line 1559, in global_ga_constrained
    global_fitnessesses = list(glft_initial)
                          ^^^^^^^^^^^^^^^^^^
  File "D:\Hira\Freelance\ARman\GA_Partitioner\src\global_GA.py", line 1399, in global_evaluation
    global_ga_fitness = global_ga_fitness_evaluation(AM,client,TaskNumInAppModel,partition_order, layer_order, inter_layer_path, subGraphInfo, 
                        ^^^^^^^^^^^^^^^^^^^^^^^^^^^^^^^^^^^^^^^^^^^^^^^^^^^^^^^^^^^^^^^^^^^^^^^^^^^^^^^^^^^^^^^^^^^^^^^^^^^^^^^^^^^^^^^^^^^^^^
  File "D:\Hira\Freelance\ARman\GA_Partitioner\src\global_GA.py", line 1050, in global_ga_fitness_evaluation
    os.makedirs(fldr_to_save_SubGraph_GA) # Creating the folder to save the subgraph for the GA algorithm
    ^^
UnboundLocalError: cannot access local variable 'os' where it is not associated with a value
Initializing src package
Python Path: ['D:\\Hira\\Freelance\\ARman\\GA_Partitioner', 'C:\\ProgramData\\anaconda3\\python312.zip', 'C:\\ProgramData\\anaconda3\\DLLs', 'C:\\ProgramData\\anaconda3\\Lib', 'C:\\ProgramData\\anaconda3', 'C:\\Users\\hamza\\AppData\\Roaming\\Python\\Python312\\site-packages', 'C:\\ProgramData\\anaconda3\\Lib\\site-packages', 'C:\\ProgramData\\anaconda3\\Lib\\site-packages\\win32', 'C:\\ProgramData\\anaconda3\\Lib\\site-packages\\win32\\lib', 'C:\\ProgramData\\anaconda3\\Lib\\site-packages\\Pythonwin']
 Application model Selected: T2.json
Application model Selected: T2_var_003.json
Starting Dask on local cluster
Number of cores: 15
Dask dashboard at http://localhost:9000
Processing Time:  {0: 300, 1: 300, 2: 300, 3: 100}
Communication Cost:  {0: {1: 24, 2: 24}, 2: {3: 24}}
Sender Receiver Pair:  {0: [1, 2], 2: [3]}
Vertex Edge Pairs:  [(0, 1), (0, 2), (2, 3)]
Message List:  [{'id': 0, 'sender': 0, 'receiver': 1, 'size': 24}, {'id': 1, 'sender': 2, 'receiver': 3, 'size': 24}, {'id': 2, 'sender': 0, 'receiver': 2, 'size': 24}]
Adjacency Matrix:  [[0 0 0 0]
 [1 0 0 0]
 [1 0 0 0]
 [0 0 1 0]]
Graph:  DiGraph with 4 nodes and 3 edges
Start Nodes:  [0]
End Nodes:  [1, 3]
All Sets of Subgraphs:  {1: [{'nodes11': [0, 2, 3, 1], 'edges11': [(0, 1), (0, 2), (2, 3)]}], 2: [{'nodes21': [0, 2, 3, 1], 'edges21': [(0, 1), (0, 2), (2, 3)]}], 3: [{'nodes31': [2, 3], 'edges31': [(2, 3)]}, {'nodes32': [0, 1], 'edges32': [(0, 1)]}]}
All SubGraph:  {1: [[0, 2, 3, 1]], 2: [[0, 2, 3, 1]], 3: [[2, 3], [0, 1]]}
Subpopulation:  {1: [1, 1, 1, 1], 2: [1, 1, 1, 1], 3: [2, 2, 1, 1]}
List Schedule:  [(0, 23, 0, 303.5), (1, 25, 24, 327.0), (2, 21, 24, 327.5), (3, 22, 48, 152.5)]
List Schedule Makespan:  327.5
Genome Length:  1
Selected Individual:  [1, 1, 1, 1]
Global Task List:  {1: [0, 1, 2, 3]}
Dependencies:  [(0, 1), (0, 2), (2, 3)]
Partition Dependencies with Task:  {}
Partition Dependencies:  {}
Sorted Key Counts:  {1: 0}
Missing Partition:  {1: 0}
Subgraph Info:  {1: [0, 2, 3, 1]}
Subgraph:  {1: {1: [0, 2, 3, 1]}, 2: {1: [0, 2, 3, 1]}, 3: {1: [2, 3], 2: [0, 1]}}
Processor List:  [21, 22, 23, 24, 25, 26]
Processor Found Only on Edge:  {'General purpose CPU': [21, 24], 'FPGA': [22, 26], 'Raspberry Pi 5': [23], 'Microcontroller': [25]}
Clock Speed GHz:  {21: '1.5 GHz', 22: '300 MHz', 23: '2.4 GHz', 24: '1.2 GHz', 25: '16 MHz', 26: '300 MHz'}
Clocking Speed in Hz:  {21: 1500000000.0, 22: 300000000.0, 23: 2400000000.0, 24: 1200000000.0, 25: 16000000.0, 26: 300000000.0}
last_known_time:  1740397401.2023108
current_modified_time:  0
Global GA Started
Partition Order:  [1]
SubGraphInfo:  {1: [0, 2, 3, 1]}
Constrained Task:  []
Fixed Subgraph Map:  {}
ind [1, 11, 4, 0]
Partition Order:  [1]
SubGraphInfo:  {1: [0, 2, 3, 1]}
Constrained Task:  []
Fixed Subgraph Map:  {}
Partition Order:  [1]
SubGraphInfo:  {1: [0, 2, 3, 1]}
Constrained Task:  []
Fixed Subgraph Map:  {}
Partition Order:  [1]
SubGraphInfo:  {1: [0, 2, 3, 1]}
Constrained Task:  []
Fixed Subgraph Map:  {}
